[0;38;2;255;255;255;48;2;0;0;0mtop                                                                             [0m
[0;38;2;255;255;255;48;2;0;0;0m                                                                                [0m
[0;38;2;255;255;255;48;2;0;0;0mccc                                                                             [0m
[0;38;2;255;255;255;48;2;0;0;0mddd                                                                             [0m
[0;38;2;255;255;255;48;2;0;0;0meee[0;38;2;0;0;0;48;2;255;255;255m [0;38;2;255;255;255;48;2;0;0;0m                                                                            [0m
[0;38;2;255;255;255;48;2;0;0;0m                                                                                [0m
[0;38;2;255;255;255;48;2;0;0;0m                                                                                [0m
[0;38;2;255;255;255;48;2;0;0;0m                                                                                [0m
[0;38;2;255;255;255;48;2;0;0;0m                                                                                [0m
[0;38;2;255;255;255;48;2;0;0;0m                                                                                [0m
[0;38;2;255;255;255;48;2;0;0;0m                                                                                [0m
[0;38;2;255;255;255;48;2;0;0;0m                                                                                [0m
[0;38;2;255;255;255;48;2;0;0;0m                                                                                [0m
[0;38;2;255;255;255;48;2;0;0;0m                                                                                [0m
[0;38;2;255;255;255;48;2;0;0;0m                                                                                [0m
[0;38;2;255;255;255;48;2;0;0;0m                                                                                [0m
[0;38;2;255;255;255;48;2;0;0;0m                                                                                [0m
[0;38;2;255;255;255;48;2;0;0;0m                                                                                [0m
[0;38;2;255;255;255;48;2;0;0;0m                                                                                [0m
[0;38;2;255;255;255;48;2;0;0;0m                                                                                [0m
[0;38;2;255;255;255;48;2;0;0;0m                                                                                [0m
[0;38;2;255;255;255;48;2;0;0;0m                                                                                [0m
[0;38;2;255;255;255;48;2;0;0;0m                                                                                [0m
[0;38;2;255;255;255;48;2;0;0;0m                                                                                [0m