[0;38;2;255;135;0;48;2;0;0;0morange[0;38;2;255;135;0;48;2;0;0;95mbg[0;38;2;255;255;255;48;2;0;0;0mreset[0;38;2;0;0;0;48;2;255;255;255m [0;38;2;255;255;255;48;2;0;0;0m                                                                  [0m
[0;38;2;255;255;255;48;2;0;0;0m                                                                                [0m
[0;38;2;255;255;255;48;2;0;0;0m                                                                                [0m
[0;38;2;255;255;255;48;2;0;0;0m                                                                                [0m
[0;38;2;255;255;255;48;2;0;0;0m                                                                                [0m
[0;38;2;255;255;255;48;2;0;0;0m                                                                                [0m
[0;38;2;255;255;255;48;2;0;0;0m                                                                                [0m
[0;38;2;255;255;255;48;2;0;0;0m                                                                                [0m
[0;38;2;255;255;255;48;2;0;0;0m                                                                                [0m
[0;38;2;255;255;255;48;2;0;0;0m                                                                                [0m
[0;38;2;255;255;255;48;2;0;0;0m                                                                                [0m
[0;38;2;255;255;255;48;2;0;0;0m                                                                                [0m
[0;38;2;255;255;255;48;2;0;0;0m                                                                                [0m
[0;38;2;255;255;255;48;2;0;0;0m                                                                                [0m
[0;38;2;255;255;255;48;2;0;0;0m                                                                                [0m
[0;38;2;255;255;255;48;2;0;0;0m                                                                                [0m
[0;38;2;255;255;255;48;2;0;0;0m                                                                                [0m
[0;38;2;255;255;255;48;2;0;0;0m                                                                                [0m
[0;38;2;255;255;255;48;2;0;0;0m                                                                                [0m
[0;38;2;255;255;255;48;2;0;0;0m                                                                                [0m
[0;38;2;255;255;255;48;2;0;0;0m                                                                                [0m
[0;38;2;255;255;255;48;2;0;0;0m                                                                                [0m
[0;38;2;255;255;255;48;2;0;0;0m                                                                                [0m
[0;38;2;255;255;255;48;2;0;0;0m                                                                                [0m