[0;38;2;255;100;50;48;2;0;0;0mwarm[0;38;2;255;100;50;48;2;10;20;30m bg[0;38;2;0;0;0;48;2;255;255;255m [0;38;2;255;255;255;48;2;0;0;0m                                                                        [0m
[0;38;2;255;255;255;48;2;0;0;0m                                                                                [0m
[0;38;2;255;255;255;48;2;0;0;0m                                                                                [0m
[0;38;2;255;255;255;48;2;0;0;0m                                                                                [0m
[0;38;2;255;255;255;48;2;0;0;0m                                                                                [0m
[0;38;2;255;255;255;48;2;0;0;0m                                                                                [0m
[0;38;2;255;255;255;48;2;0;0;0m                                                                                [0m
[0;38;2;255;255;255;48;2;0;0;0m                                                                                [0m
[0;38;2;255;255;255;48;2;0;0;0m                                                                                [0m
[0;38;2;255;255;255;48;2;0;0;0m                                                                                [0m
[0;38;2;255;255;255;48;2;0;0;0m                                                                                [0m
[0;38;2;255;255;255;48;2;0;0;0m                                                                                [0m
[0;38;2;255;255;255;48;2;0;0;0m                                                                                [0m
[0;38;2;255;255;255;48;2;0;0;0m                                                                                [0m
[0;38;2;255;255;255;48;2;0;0;0m                                                                                [0m
[0;38;2;255;255;255;48;2;0;0;0m                                                                                [0m
[0;38;2;255;255;255;48;2;0;0;0m                                                                                [0m
[0;38;2;255;255;255;48;2;0;0;0m                                                                                [0m
[0;38;2;255;255;255;48;2;0;0;0m                                                                                [0m
[0;38;2;255;255;255;48;2;0;0;0m                                                                                [0m
[0;38;2;255;255;255;48;2;0;0;0m                                                                                [0m
[0;38;2;255;255;255;48;2;0;0;0m                                                                                [0m
[0;38;2;255;255;255;48;2;0;0;0m                                                                                [0m
[0;38;2;255;255;255;48;2;0;0;0m                                                                                [0m